error[E0080]: evaluation of constant value failed
 --> tests/ui/derives/bogus_alias_name.rs:5:22
  |
5 |     #[config(alias = "what?")]
  |                      ^^^^^^^ evaluation panicked: Param / config name `what?` is invalid: name contains a disallowed char '?' at position 4; allowed chars are [_a-z0-9]
