error: aliases for nested / flattened configs are not supported yet
  --> tests/ui/derives/flattened_config_with_alias.rs:10:5
   |
10 | /     #[config(alias = "flat", flatten)]
11 | |     bogus: NestedConfig,
   | |_______________________^
