error: Only tagged enums are supported as configs. Please add #[config(tag = ..)] to the enum
 --> tests/ui/derives/no_tag_on_enum.rs:5:5
  |
5 | /     V0,
6 | |     V1 { value: u64 },
  | |______________________^
